msoto@Midas-Mauricio MINGW64 /d
$ cd Homestead/

msoto@Midas-Mauricio MINGW64 /d/Homestead (master)
$ vagrant halt

msoto@Midas-Mauricio MINGW64 /d/Homestead (master)
$ vagrant up
Bringing machine 'default' up with 'virtualbox' provider...
==> default: Checking if box 'laravel/homestead' is up to date...
==> default: Clearing any previously set forwarded ports...
==> default: Clearing any previously set network interfaces...
==> default: Preparing network interfaces based on configuration...
    default: Adapter 1: nat
    default: Adapter 2: hostonly
==> default: Forwarding ports...
    default: 15674 (guest) => 15674 (host) (adapter 1)
    default: 5672 (guest) => 5672 (host) (adapter 1)
    default: 80 (guest) => 8000 (host) (adapter 1)
    default: 443 (guest) => 44300 (host) (adapter 1)
    default: 3306 (guest) => 33060 (host) (adapter 1)
    default: 5432 (guest) => 54320 (host) (adapter 1)
    default: 22 (guest) => 2222 (host) (adapter 1)
==> default: Running 'pre-boot' VM customizations...
==> default: Booting VM...
==> default: Waiting for machine to boot. This may take a few minutes...
    default: SSH address: 127.0.0.1:2222
    default: SSH username: vagrant
    default: SSH auth method: private key
    default: Warning: Remote connection disconnect. Retrying...
==> default: Machine booted and ready!
==> default: Checking for guest additions in VM...
==> default: Setting hostname...
==> default: Configuring and enabling network interfaces...
==> default: Mounting shared folders...
    default: /vagrant => D:/Homestead
    default: /home/source => D:/source
==> default: Machine already provisioned. Run `vagrant provision` or use the `--provision`
==> default: flag to force provisioning. Provisioners marked to run always will still run.

msoto@Midas-Mauricio MINGW64 /d/Homestead (master)
$ vagrant ssh
Welcome to Ubuntu 16.04 LTS (GNU/Linux 4.4.0-22-generic x86_64)

 * Documentation:  https://help.ubuntu.com/
Last login: Tue Jul 12 17:28:28 2016 from 10.0.2.2
vagrant@homestead:~$ rabbitmq-plugins list
Error: Failed to initialize erlang distribution: {{shutdown,
                                                   {failed_to_start_child,
                                                    auth,
                                                    {"Error when reading ./.erlang.cookie: eacces",
                                                     [{auth,init_cookie,0,
                                                       [{file,"auth.erl"},
                                                        {line,286}]},
                                                      {auth,init,1,
                                                       [{file,"auth.erl"},
                                                        {line,140}]},
                                                      {gen_server,init_it,6,
                                                       [{file,
                                                         "gen_server.erl"},
                                                        {line,328}]},
                                                      {proc_lib,
                                                       init_p_do_apply,3,
                                                       [{file,"proc_lib.erl"},
                                                        {line,240}]}]}}},
                                                  {child,undefined,
                                                   net_sup_dynamic,
                                                   {erl_distribution,
                                                    start_link,
                                                    [['rabbitmq-cli-27',
                                                      shortnames]]},
                                                   permanent,1000,supervisor,
                                                   [erl_distribution]}}.
vagrant@homestead:~$ sudo rabbitmq-plugins list
 Configured: E = explicitly enabled; e = implicitly enabled
 | Status:   * = running on rabbit@homestead
 |/
[e*] amqp_client                       3.6.3
[e*] cowboy                            1.0.3
[e*] cowlib                            1.0.1
[e*] mochiweb                          2.13.1
[  ] rabbitmq_amqp1_0                  3.6.3
[  ] rabbitmq_auth_backend_ldap        3.6.3
[  ] rabbitmq_auth_mechanism_ssl       3.6.3
[  ] rabbitmq_consistent_hash_exchange 3.6.3
[  ] rabbitmq_event_exchange           3.6.3
[  ] rabbitmq_federation               3.6.3
[  ] rabbitmq_federation_management    3.6.3
[  ] rabbitmq_jms_topic_exchange       3.6.3
[E*] rabbitmq_management               3.6.3
[e*] rabbitmq_management_agent         3.6.3
[  ] rabbitmq_management_visualiser    3.6.3
[  ] rabbitmq_mqtt                     3.6.3
[  ] rabbitmq_recent_history_exchange  1.2.1
[  ] rabbitmq_sharding                 0.1.0
[  ] rabbitmq_shovel                   3.6.3
[  ] rabbitmq_shovel_management        3.6.3
[E*] rabbitmq_stomp                    3.6.3
[  ] rabbitmq_top                      3.6.3
[  ] rabbitmq_tracing                  3.6.3
[  ] rabbitmq_trust_store              3.6.3
[e*] rabbitmq_web_dispatch             3.6.3
[E*] rabbitmq_web_stomp                3.6.3
[  ] rabbitmq_web_stomp_examples       3.6.3
[e*] sockjs                            0.3.4
[e*] webmachine                        1.10.3
vagrant@homestead:~$ ls
vagrant@homestead:~$ pwd
/home/vagrant
vagrant@homestead:~$ cd .
vagrant@homestead:~$ ls
vagrant@homestead:~$ cd ..
vagrant@homestead:/home$ ls
source  vagrant
vagrant@homestead:/home$ cd source/
Backend/                    cashier_bonus/
BackendClient/              cashier_client/
cashier/                    cashier_client_new/
cashier_admin/              cashier_client_new_workers/
cashier_admin_client/
vagrant@homestead:/home$ cd source/cashier_client_new_workers/
vagrant@homestead:/home/source/cashier_client_new_workers$ clear

vagrant@homestead:/home/source/cashier_client_new_workers$ ls
cashier_admin.php              cashier_consumer.php              config.php
cashier_consumer_backend.php   cashier_consumer_process.php      vendor
cashier_consumer_bonus.php     cashier_consumer_transaction.php
cashier_consumer_customer.php  config-new.php

vagrant@homestead:/home/source/cashier_client_new_workers$ php cashier_admin.ph
p start customer:1 process:1 transaction:1
vagrant@homestead:/home/source/cashier_client_new_workers$ php cashier_admin.ph
p start customer:1 process:1 transaction:1 backend:1 bonus:1
♥
vagrant@homestead:/home/source/cashier_client_new_workers$ php cashier_admin.ph 
p start customer:1 process:1 transaction:1 backend:1 bonus:1


php cashier_admin.php start customer:1 process:1 transaction:1
