Ir al directorio : C:\Program Files\Git
Ejecutar el archivo git-bash.exe

msoto@Midas-Mauricio MINGW64 ~
$ cd d:

msoto@Midas-Mauricio MINGW64 /d
$ dir
$RECYCLE.BIN  Casos                 Homestead      source
Backlock      compartida            Instaladores   System\ Volume\ Information
Bitcoin       Configuraciones       MID            Varios
Boot          del\ cashier\ client  Nelsi          WebStorm
bootmgr       Documents             QA\ Documents
BOOTSECT.BAK  GenCache              Rechazos

msoto@Midas-Mauricio MINGW64 /d
$ cd source/cashier_client_new_workers/

msoto@Midas-Mauricio MINGW64 /d/source/cashier_client_new_workers (master)
$ clear

msoto@Midas-Mauricio MINGW64 /d/source/cashier_client_new_workers (master)
$ php cashier_admin.php setup
Starting Connection...

msoto@Midas-Mauricio MINGW64 /d/source/cashier_client_new_workers (master)
id       name    provider   state   directory
------------------------------------------------------------------------
5f58b2f  default virtualbox running D:/Homestead

The above shows information about all known Vagrant environments
on this machine. This data is cached and may not be completely
up-to-date. To interact with any of the machines, you can go to
that directory and run Vagrant, or you can use the ID directly
with Vagrant commands from any directory. For example:
"vagrant destroy 1a2b3c4d"

msoto@Midas-Mauricio MINGW64 /d/source/cashier_client_new_workers (master)
$ ping 192.168.10.10

Pinging 192.168.10.10 with 32 bytes of data:
Reply from 192.168.10.10: bytes=32 time<1ms TTL=64
Reply from 192.168.10.10: bytes=32 time<1ms TTL=64

Ping statistics for 192.168.10.10:
    Packets: Sent = 2, Received = 2, Lost = 0 (0% loss),
Approximate round trip times in milli-seconds:
    Minimum = 0ms, Maximum = 0ms, Average = 0ms
Control-C

msoto@Midas-Mauricio MINGW64 /d/source/cashier_client_new_workers (master)
$ telnet 192.168.10.10 15672
bash: telnet: command not found

msoto@Midas-Mauricio MINGW64 /d/source/cashier_client_new_workers (master)
$